// Jest Snapshot v1, https://goo.gl/fbAQLP

exports[`ruling 1`] = `
Array [
  "src/TypeScript/tests/cases/compiler/bestCommonTypeWithContextualTyping.ts: 19",
  "src/TypeScript/tests/cases/compiler/constEnumErrors.ts: 41",
  "src/TypeScript/tests/cases/compiler/contextuallyTypingOrOperator3.ts: 1",
  "src/TypeScript/tests/cases/compiler/expr.ts: 19,26,33,40,48,54,61,68,75,83,213,220,227,234,242",
  "src/TypeScript/tests/cases/compiler/promiseTest.ts: 1,2,2,2,2,3,3,3,7",
  "src/TypeScript/tests/cases/compiler/targetTypeBaseCalls.ts: 0,8",
  "src/TypeScript/tests/cases/conformance/es6/Symbols/symbolType11.ts: 2,5",
  "src/TypeScript/tests/cases/conformance/es6/Symbols/symbolType5.ts: 3",
  "src/TypeScript/tests/cases/conformance/es6/Symbols/symbolType6.ts: 4",
  "src/TypeScript/tests/cases/conformance/es6/Symbols/symbolType7.ts: 2,4",
  "src/TypeScript/tests/cases/conformance/es6/Symbols/symbolType8.ts: 2,4,6,8",
  "src/TypeScript/tests/cases/conformance/es6/templates/templateStringWithEmbeddedDivision.ts: 0",
  "src/TypeScript/tests/cases/conformance/es6/templates/templateStringWithEmbeddedDivisionES6.ts: 1",
  "src/TypeScript/tests/cases/conformance/expressions/binaryOperators/arithmeticOperator/arithmeticOperatorWithAnyAndNumber.ts: 14,18,21,34,38,41,44,48,51,54,58,61",
  "src/TypeScript/tests/cases/conformance/expressions/binaryOperators/arithmeticOperator/arithmeticOperatorWithEnum.ts: 28,56,70,84",
  "src/TypeScript/tests/cases/conformance/expressions/binaryOperators/arithmeticOperator/arithmeticOperatorWithEnumUnion.ts: 32,60,74,88",
  "src/TypeScript/tests/cases/conformance/expressions/binaryOperators/arithmeticOperator/arithmeticOperatorWithInvalidOperands.ts: 70,78,86,94,102,110,184,192,200,208,216,224,241,249,257,265,273,281,298,306,314,322,330,338",
  "src/TypeScript/tests/cases/conformance/expressions/binaryOperators/arithmeticOperator/arithmeticOperatorWithOnlyNullValueOrUndefinedValue.ts: 7,10,19,22,25,28,31,34",
  "src/TypeScript/tests/cases/conformance/expressions/binaryOperators/arithmeticOperator/arithmeticOperatorWithTypeParameter.ts: 119,121,122,123",
  "src/TypeScript/tests/cases/conformance/expressions/binaryOperators/comparisonOperator/comparisonOperatorWithIdenticalPrimitiveType.ts: 9,10,11,12,13,14,15,18,19,20,21,22,23,24,27,28,29,30,31,32,33,36,37,38,39,40,41,42",
  "src/TypeScript/tests/cases/conformance/expressions/binaryOperators/comparisonOperator/comparisonOperatorWithIdenticalTypeParameter.ts: 1,2,3,4",
  "src/TypeScript/tests/cases/conformance/expressions/binaryOperators/comparisonOperator/comparisonOperatorWithTwoOperandsAreAny.ts: 2,3,4,5",
  "src/TypeScript/tests/cases/conformance/expressions/binaryOperators/logicalAndOperator/logicalAndOperatorStrictMode.ts: 11,21,31,41,51,61,71,81",
  "src/TypeScript/tests/cases/conformance/expressions/binaryOperators/logicalAndOperator/logicalAndOperatorWithEveryType.ts: 14,26,38,50,62,74,86,98,110,122",
  "src/TypeScript/tests/cases/conformance/expressions/binaryOperators/logicalAndOperator/logicalAndOperatorWithTypeParameters.ts: 4,9,14",
  "src/TypeScript/tests/cases/conformance/expressions/binaryOperators/logicalOrOperator/logicalOrOperatorWithEveryType.ts: 16,28,40,52,64,76,88,100,112,124",
  "src/TypeScript/tests/cases/conformance/expressions/binaryOperators/logicalOrOperator/logicalOrOperatorWithTypeParameters.ts: 1,2,10,11",
  "src/TypeScript/tests/cases/conformance/expressions/contextualTyping/generatedContextualTyping.ts: 276,277,278,279,280,281,282,283",
  "src/TypeScript/tests/cases/conformance/expressions/literals/literals.ts: 9,10",
  "src/TypeScript/tests/cases/conformance/expressions/typeGuards/typeGuardRedundancy.ts: 2,4,6,8",
  "src/TypeScript/tests/cases/conformance/expressions/unaryOperators/negateOperator/negateOperatorInvalidOperations.ts: 7,8",
  "src/TypeScript/tests/cases/conformance/expressions/unaryOperators/negateOperator/negateOperatorWithNumberType.ts: 31",
  "src/TypeScript/tests/cases/conformance/types/stringLiteral/stringLiteralTypesWithVariousOperators01.ts: 25",
  "src/TypeScript/tests/cases/conformance/types/typeRelationships/widenedTypes/initializersWidened.ts: 17,18,19",
  "src/TypeScript/tests/cases/conformance/types/witness/witness.ts: 55,63",
  "src/angular/packages/benchpress/src/metric/perflog_metric.ts: 318",
  "src/angular/packages/compiler/test/aot/static_reflector_spec.ts: 214,223,232,241",
  "src/angular/packages/core/src/view/types.ts: 286",
  "src/angular/tools/@angular/tsc-wrapped/test/evaluator.spec.ts: 100",
  "src/postgraphql/src/graphql/schema/connection/createConnectionGqlField.ts: 97",
  "src/vscode/src/vs/editor/browser/widget/diffEditorWidget.ts: 699",
]
`;
