// Jest Snapshot v1, https://goo.gl/fbAQLP

exports[`ruling 1`] = `
Array [
  "src/TypeScript/src/compiler/visitor.ts: 1134",
  "src/TypeScript/src/compiler/visitor.ts: 1134",
  "src/TypeScript/src/compiler/visitor.ts: 1134",
  "src/TypeScript/src/compiler/visitor.ts: 1134",
  "src/ag-grid/src/ts/headerRendering/bodyDropPivotTarget.ts: 42",
]
`;
