exports[`test Cell renders and runs selectCell 1`] = `
<div
  className="root"
  onClick={[Function]}
  onDoubleClick={[Function]}
  style={
    Object {
      "alignItems": "center",
      "overflow": "visible",
    }
  }>
  <div
    className="border flexAuto">
    <span
      className="value"
      onKeyDown={[Function]}
      style={
        Object {
          "cursor": "default",
        }
      }>
      some string
    </span>
  </div>
</div>
`;

exports[`test Cell renders in edit mode 1`] = `
<div
  className="root"
  onClick={[Function]}
  onDoubleClick={[Function]}
  style={
    Object {
      "alignItems": "center",
      "overflow": "visible",
    }
  }>
  <div
    className="border flexAuto">
    <span
      className="value"
      onKeyDown={[Function]}
      style={
        Object {
          "cursor": "default",
        }
      }>
      some string
    </span>
  </div>
</div>
`;
