exports[`test EnumCell renders 1`] = `
<ClickOutside
  onClickOutside={[Function]}>
  <div
    className="root">
    <Combobox
      autosize={true}
      className="root"
      onKeyDown={[Function]}
      onSelect={[Function]}
      options={
        Array [
          "asd",
          "def",
        ]
      }
      value="asd" />
  </div>
</ClickOutside>
`;
